package main

func Example[
	A string,
	B int, // this is an int
	C bool,
](a string, b int, c bool) (
	string,
	int, // this is an int
	bool,
) {
	return a, b, c
}
