package main

import (
	"fmt" // formatting library
)

func main() {}
