package main

type rec[A string, B int, C bool] struct {
}

func (r *rec[A, B, C]) Ptr(a string, b int, c bool) (string, int, bool) {
	return a, b, c
}

func (r rec[A, B, C]) Val(a string, b int, c bool) (string, int, bool) {
	return a, b, c
}
