package main

type TestStruct struct{ Name string }
